I'm sorry, but errors were detected in your script. Please correct the
errors listed below, and try again.


File "game/script.rpy", line 24: expected simple expression
    play music "game.mp3" fadein
                                ^

Ren'Py Version: Ren'Py 6.99.12.4.2187
